Archive member included to satisfy reference by file (symbol)

c:/program files (x86)/gnu tools arm embedded/6 2017-q1-update/bin/../lib/gcc/arm-none-eabi/6.3.1/../../../../arm-none-eabi/lib/thumb/v7e-m/fpv4-sp/hard\libc_nano.a(lib_a-exit.o)
                              c:/program files (x86)/gnu tools arm embedded/6 2017-q1-update/bin/../lib/gcc/arm-none-eabi/6.3.1/../../../../arm-none-eabi/lib/thumb/v7e-m/fpv4-sp/hard/crt0.o (exit)
c:/program files (x86)/gnu tools arm embedded/6 2017-q1-update/bin/../lib/gcc/arm-none-eabi/6.3.1/../../../../arm-none-eabi/lib/thumb/v7e-m/fpv4-sp/hard\libc_nano.a(lib_a-impure.o)
                              c:/program files (x86)/gnu tools arm embedded/6 2017-q1-update/bin/../lib/gcc/arm-none-eabi/6.3.1/../../../../arm-none-eabi/lib/thumb/v7e-m/fpv4-sp/hard\libc_nano.a(lib_a-exit.o) (_global_impure_ptr)
c:/program files (x86)/gnu tools arm embedded/6 2017-q1-update/bin/../lib/gcc/arm-none-eabi/6.3.1/../../../../arm-none-eabi/lib/thumb/v7e-m/fpv4-sp/hard\libc_nano.a(lib_a-init.o)
                              c:/program files (x86)/gnu tools arm embedded/6 2017-q1-update/bin/../lib/gcc/arm-none-eabi/6.3.1/../../../../arm-none-eabi/lib/thumb/v7e-m/fpv4-sp/hard/crt0.o (__libc_init_array)
c:/program files (x86)/gnu tools arm embedded/6 2017-q1-update/bin/../lib/gcc/arm-none-eabi/6.3.1/../../../../arm-none-eabi/lib/thumb/v7e-m/fpv4-sp/hard\libc_nano.a(lib_a-memset.o)
                              c:/program files (x86)/gnu tools arm embedded/6 2017-q1-update/bin/../lib/gcc/arm-none-eabi/6.3.1/../../../../arm-none-eabi/lib/thumb/v7e-m/fpv4-sp/hard/crt0.o (memset)
c:/program files (x86)/gnu tools arm embedded/6 2017-q1-update/bin/../lib/gcc/arm-none-eabi/6.3.1/../../../../arm-none-eabi/lib/thumb/v7e-m/fpv4-sp/hard\libnosys.a(_exit.o)
                              c:/program files (x86)/gnu tools arm embedded/6 2017-q1-update/bin/../lib/gcc/arm-none-eabi/6.3.1/../../../../arm-none-eabi/lib/thumb/v7e-m/fpv4-sp/hard\libc_nano.a(lib_a-exit.o) (_exit)
c:/program files (x86)/gnu tools arm embedded/6 2017-q1-update/bin/../lib/gcc/arm-none-eabi/6.3.1/../../../../arm-none-eabi/lib/thumb/v7e-m/fpv4-sp/hard\libc_nano.a(lib_a-memcpy-stub.o)
                              _build/nrf_esb.o (memcpy)
c:/program files (x86)/gnu tools arm embedded/6 2017-q1-update/bin/../lib/gcc/arm-none-eabi/6.3.1/../../../../arm-none-eabi/lib/thumb/v7e-m/fpv4-sp/hard\libc_nano.a(lib_a-strcpy.o)
                              _build/SEGGER_RTT.o (strcpy)
c:/program files (x86)/gnu tools arm embedded/6 2017-q1-update/bin/../lib/gcc/arm-none-eabi/6.3.1/../../../../arm-none-eabi/lib/thumb/v7e-m/fpv4-sp/hard\libc_nano.a(lib_a-strlen.o)
                              _build/SEGGER_RTT.o (strlen)

Allocating common symbols
Common symbol       size              file

rx_payload          0x101             _build/main.o
__stdin             0x68              _build/retarget.o
tx_payload          0x101             _build/main.o
__stdout            0x68              _build/retarget.o
_SEGGER_RTT         0x78              _build/SEGGER_RTT.o

Discarded input sections

 .text          0x00000000        0x0 c:/program files (x86)/gnu tools arm embedded/6 2017-q1-update/bin/../lib/gcc/arm-none-eabi/6.3.1/thumb/v7e-m/fpv4-sp/hard/crti.o
 .data          0x00000000        0x0 c:/program files (x86)/gnu tools arm embedded/6 2017-q1-update/bin/../lib/gcc/arm-none-eabi/6.3.1/thumb/v7e-m/fpv4-sp/hard/crti.o
 .bss           0x00000000        0x0 c:/program files (x86)/gnu tools arm embedded/6 2017-q1-update/bin/../lib/gcc/arm-none-eabi/6.3.1/thumb/v7e-m/fpv4-sp/hard/crti.o
 .data          0x00000000        0x4 c:/program files (x86)/gnu tools arm embedded/6 2017-q1-update/bin/../lib/gcc/arm-none-eabi/6.3.1/thumb/v7e-m/fpv4-sp/hard/crtbegin.o
 .data          0x00000000        0x0 c:/program files (x86)/gnu tools arm embedded/6 2017-q1-update/bin/../lib/gcc/arm-none-eabi/6.3.1/../../../../arm-none-eabi/lib/thumb/v7e-m/fpv4-sp/hard/crt0.o
 .bss           0x00000000        0x0 c:/program files (x86)/gnu tools arm embedded/6 2017-q1-update/bin/../lib/gcc/arm-none-eabi/6.3.1/../../../../arm-none-eabi/lib/thumb/v7e-m/fpv4-sp/hard/crt0.o
 .ARM.extab     0x00000000        0x0 c:/program files (x86)/gnu tools arm embedded/6 2017-q1-update/bin/../lib/gcc/arm-none-eabi/6.3.1/../../../../arm-none-eabi/lib/thumb/v7e-m/fpv4-sp/hard/crt0.o
 .text          0x00000000        0x0 c:/program files (x86)/gnu tools arm embedded/6 2017-q1-update/bin/../lib/gcc/arm-none-eabi/6.3.1/../../../../arm-none-eabi/lib/thumb/v7e-m/fpv4-sp/hard\libc_nano.a(lib_a-exit.o)
 .data          0x00000000        0x0 c:/program files (x86)/gnu tools arm embedded/6 2017-q1-update/bin/../lib/gcc/arm-none-eabi/6.3.1/../../../../arm-none-eabi/lib/thumb/v7e-m/fpv4-sp/hard\libc_nano.a(lib_a-exit.o)
[...]
Memory Configuration

Name             Origin             Length             Attributes
FLASH            0x00000000         0x00080000         xr
UICR             0x10001000         0x0ffff000         xr
RAM              0x20000000         0x00010000         xrw
*default*        0x00000000         0xffffffff

Linker script and memory map


.text           0x00000000     0x42bc
 *(.isr_vector)
 .isr_vector    0x00000000      0x400 _build/gcc_startup_nrf52.o
                0x00000000                __isr_vector
 *(.text*)
 .text          0x00000400       0x6c c:/program files (x86)/gnu tools arm embedded/6 2017-q1-update/bin/../lib/gcc/arm-none-eabi/6.3.1/thumb/v7e-m/fpv4-sp/hard/crtbegin.o
 .text          0x0000046c       0x74 c:/program files (x86)/gnu tools arm embedded/6 2017-q1-update/bin/../lib/gcc/arm-none-eabi/6.3.1/../../../../arm-none-eabi/lib/thumb/v7e-m/fpv4-sp/hard/crt0.o
                0x0000046c                _start
                0x0000046c                _mainCRTStartup
 .text.exit     0x000004e0       0x28 c:/program files (x86)/gnu tools arm embedded/6 2017-q1-update/bin/../lib/gcc/arm-none-eabi/6.3.1/../../../../arm-none-eabi/lib/thumb/v7e-m/fpv4-sp/hard\libc_nano.a(lib_a-exit.o)
                0x000004e0                exit
 .text.__libc_init_array
                0x00000508       0x48 c:/program files (x86)/gnu tools arm embedded/6 2017-q1-update/bin/../lib/gcc/arm-none-eabi/6.3.1/../../../../arm-none-eabi/lib/thumb/v7e-m/fpv4-sp/hard\libc_nano.a(lib_a-init.o)
                0x00000508                __libc_init_array
 .text.memset   0x00000550       0x10 c:/program files (x86)/gnu tools arm embedded/6 2017-q1-update/bin/../lib/gcc/arm-none-eabi/6.3.1/../../../../arm-none-eabi/lib/thumb/v7e-m/fpv4-sp/hard\libc_nano.a(lib_a-memset.o)
                0x00000550                memset
 .text._exit    0x00000560        0x4 c:/program files (x86)/gnu tools arm embedded/6 2017-q1-update/bin/../lib/gcc/arm-none-eabi/6.3.1/../../../../arm-none-eabi/lib/thumb/v7e-m/fpv4-sp/hard\libnosys.a(_exit.o)
                0x00000560                _exit
 .text.fifo_length
                0x00000564       0x22 _build/app_uart_fifo.o
 *fill*         0x00000586        0x2 
 .text.uart_event_handler
                0x00000588       0xf4 _build/app_uart_fifo.o
 .text.app_uart_init
                0x0000067c      0x10c _build/app_uart_fifo.o
                0x0000067c                app_uart_init
 .text.app_uart_get
                0x00000788       0x48 _build/app_uart_fifo.o
                0x00000788                app_uart_get
 .text.app_uart_put
                0x000007d0       0x58 _build/app_uart_fifo.o
                0x000007d0                app_uart_put
 .text.nrf_delay_ms
                0x00000828       0xa4 _build/nrf_delay.o
                0x00000828                nrf_delay_ms
 .text.NVIC_EnableIRQ
                0x000008cc       0x34 _build/nrf_drv_common.o
 .text.NVIC_ClearPendingIRQ
                0x00000900       0x34 _build/nrf_drv_common.o
 .text.NVIC_SetPriority
                0x00000934       0x54 _build/nrf_drv_common.o
 .text.nrf_drv_common_irq_enable
                0x00000988       0x3a _build/nrf_drv_common.o
                0x00000988                nrf_drv_common_irq_enable
 .text.nrf_uart_event_clear
                0x000009c2       0x22 _build/nrf_drv_uart.o
 .text.nrf_uart_event_check
                0x000009e4       0x2a _build/nrf_drv_uart.o
 .text.nrf_uart_int_enable
                0x00000a0e       0x1e _build/nrf_drv_uart.o
 .text.nrf_uart_int_enable_check
                0x00000a2c       0x2a _build/nrf_drv_uart.o
 .text.nrf_uart_int_disable
                0x00000a56       0x1e _build/nrf_drv_uart.o
 .text.nrf_uart_errorsrc_get_and_clear
                0x00000a74       0x26 _build/nrf_drv_uart.o
 .text.nrf_uart_enable
                0x00000a9a       0x1c _build/nrf_drv_uart.o
 .text.nrf_uart_txrx_pins_set
                0x00000ab6       0x28 _build/nrf_drv_uart.o
 .text.nrf_uart_hwfc_pins_set
                0x00000ade       0x28 _build/nrf_drv_uart.o
 .text.nrf_uart_rxd_get
                0x00000b06       0x1c _build/nrf_drv_uart.o
 .text.nrf_uart_txd_set
                0x00000b22       0x20 _build/nrf_drv_uart.o
 .text.nrf_uart_task_trigger
                0x00000b42       0x22 _build/nrf_drv_uart.o
 .text.nrf_uart_configure
                0x00000b64       0x2c _build/nrf_drv_uart.o
 .text.nrf_uart_baudrate_set
                0x00000b90       0x1e _build/nrf_drv_uart.o
 .text.nrf_uarte_event_clear
                0x00000bae       0x22 _build/nrf_drv_uart.o
 .text.nrf_uarte_event_check
                0x00000bd0       0x2a _build/nrf_drv_uart.o
 .text.nrf_uarte_shorts_enable
                0x00000bfa       0x26 _build/nrf_drv_uart.o
 .text.nrf_uarte_shorts_disable
                0x00000c20       0x28 _build/nrf_drv_uart.o
 .text.nrf_uarte_int_enable
                0x00000c48       0x1e _build/nrf_drv_uart.o
 .text.nrf_uarte_int_disable
                0x00000c66       0x1e _build/nrf_drv_uart.o
 .text.nrf_uarte_errorsrc_get_and_clear
                0x00000c84       0x26 _build/nrf_drv_uart.o
 .text.nrf_uarte_enable
                0x00000caa       0x1c _build/nrf_drv_uart.o
 .text.nrf_uarte_txrx_pins_set
                0x00000cc6       0x28 _build/nrf_drv_uart.o
 .text.nrf_uarte_hwfc_pins_set
                0x00000cee       0x28 _build/nrf_drv_uart.o
 .text.nrf_uarte_task_trigger
                0x00000d16       0x22 _build/nrf_drv_uart.o
 .text.nrf_uarte_configure
                0x00000d38       0x2c _build/nrf_drv_uart.o
 .text.nrf_uarte_baudrate_set
                0x00000d64       0x1e _build/nrf_drv_uart.o
 .text.nrf_uarte_tx_buffer_set
                0x00000d82       0x2a _build/nrf_drv_uart.o
 .text.nrf_uarte_tx_amount_get
                0x00000dac       0x1a _build/nrf_drv_uart.o
 .text.nrf_uarte_rx_buffer_set
                0x00000dc6       0x2a _build/nrf_drv_uart.o
 .text.nrf_uarte_rx_amount_get
                0x00000df0       0x1a _build/nrf_drv_uart.o
 .text.nrf_gpio_cfg
                0x00000e0a       0x4e _build/nrf_drv_uart.o
 .text.nrf_gpio_cfg_output
                0x00000e58       0x24 _build/nrf_drv_uart.o
 .text.nrf_gpio_cfg_input
                0x00000e7c       0x2a _build/nrf_drv_uart.o
 .text.nrf_gpio_pin_set
                0x00000ea6       0x24 _build/nrf_drv_uart.o
 *fill*         0x00000eca        0x2 
 .text.apply_config
                0x00000ecc      0x10c _build/nrf_drv_uart.o
 .text.interrupts_enable
                0x00000fd8       0x84 _build/nrf_drv_uart.o
 .text.uart_enable
                0x0000105c       0x28 _build/nrf_drv_uart.o
 .text.nrf_drv_uart_init
                0x00001084       0x84 _build/nrf_drv_uart.o
                0x00001084                nrf_drv_uart_init
 .text.tx_byte  0x00001108       0x48 _build/nrf_drv_uart.o
 .text.nrf_drv_uart_tx_for_uart
                0x00001150       0xb8 _build/nrf_drv_uart.o
 .text.nrf_drv_uart_tx_for_uarte
                0x00001208       0x94 _build/nrf_drv_uart.o
 .text.nrf_drv_uart_tx
                0x0000129c       0x68 _build/nrf_drv_uart.o
                0x0000129c                nrf_drv_uart_tx
 .text.nrf_drv_uart_tx_in_progress
                0x00001304       0x20 _build/nrf_drv_uart.o
                0x00001304                nrf_drv_uart_tx_in_progress
 .text.rx_enable
                0x00001324       0x28 _build/nrf_drv_uart.o
 .text.rx_byte  0x0000134c       0x58 _build/nrf_drv_uart.o
 .text.nrf_drv_uart_rx_for_uart
                0x000013a4      0x100 _build/nrf_drv_uart.o
 .text.nrf_drv_uart_rx_for_uarte
                0x000014a4       0xdc _build/nrf_drv_uart.o
 .text.nrf_drv_uart_rx
                0x00001580       0xf4 _build/nrf_drv_uart.o
                0x00001580                nrf_drv_uart_rx
 .text.nrf_drv_uart_rx_enable
                0x00001674       0x2c _build/nrf_drv_uart.o
                0x00001674                nrf_drv_uart_rx_enable
 .text.rx_done_event
                0x000016a0       0x34 _build/nrf_drv_uart.o
 .text.tx_done_event
                0x000016d4       0x3c _build/nrf_drv_uart.o
 .text.uart_irq_handler
                0x00001710      0x1c8 _build/nrf_drv_uart.o
 .text.uarte_irq_handler
                0x000018d8      0x158 _build/nrf_drv_uart.o
 .text.UARTE0_UART0_IRQHandler
                0x00001a30       0x20 _build/nrf_drv_uart.o
                0x00001a30                UARTE0_UART0_IRQHandler
 .text.nrf_timer_task_trigger
                0x00001a50       0x22 _build/nrf_drv_timer.o
 .text.nrf_timer_event_clear
                0x00001a72       0x22 _build/nrf_drv_timer.o
 .text.nrf_timer_event_check
                0x00001a94       0x2a _build/nrf_drv_timer.o
 .text.nrf_timer_shorts_enable
                0x00001abe       0x26 _build/nrf_drv_timer.o
 .text.nrf_timer_shorts_disable
                0x00001ae4       0x28 _build/nrf_drv_timer.o
 .text.nrf_timer_int_enable
                0x00001b0c       0x1e _build/nrf_drv_timer.o
 .text.nrf_timer_int_disable
                0x00001b2a       0x1e _build/nrf_drv_timer.o
 .text.nrf_timer_int_enable_check
                0x00001b48       0x2a _build/nrf_drv_timer.o
 .text.nrf_timer_mode_set
                0x00001b72       0x30 _build/nrf_drv_timer.o
 .text.nrf_timer_bit_width_set
                0x00001ba2       0x30 _build/nrf_drv_timer.o
 .text.nrf_timer_frequency_set
                0x00001bd2       0x30 _build/nrf_drv_timer.o
 .text.nrf_timer_cc_write
                0x00001c02       0x28 _build/nrf_drv_timer.o
 .text.nrf_timer_compare_event_get
                0x00001c2a       0x20 _build/nrf_drv_timer.o
 .text.nrf_timer_compare_int_get
                0x00001c4a       0x1e _build/nrf_drv_timer.o
 .text.nrf_drv_get_IRQn
                0x00001c68       0x1e _build/nrf_drv_timer.o
 *fill*         0x00001c86        0x2 
 .text.nrf_drv_timer_init
                0x00001c88       0xe4 _build/nrf_drv_timer.o
                0x00001c88                nrf_drv_timer_init
 .text.nrf_drv_timer_enable
                0x00001d6c       0x38 _build/nrf_drv_timer.o
                0x00001d6c                nrf_drv_timer_enable
 .text.nrf_drv_timer_disable
                0x00001da4       0x38 _build/nrf_drv_timer.o
                0x00001da4                nrf_drv_timer_disable
 .text.nrf_drv_timer_clear
                0x00001ddc       0x1c _build/nrf_drv_timer.o
                0x00001ddc                nrf_drv_timer_clear
 .text.nrf_drv_timer_compare
                0x00001df8       0x54 _build/nrf_drv_timer.o
                0x00001df8                nrf_drv_timer_compare
 .text.nrf_drv_timer_extended_compare
                0x00001e4c       0x52 _build/nrf_drv_timer.o
                0x00001e4c                nrf_drv_timer_extended_compare
 .text.irq_handler
                0x00001e9e       0x76 _build/nrf_drv_timer.o
 .text.TIMER0_IRQHandler
                0x00001f14       0x1c _build/nrf_drv_timer.o
                0x00001f14                TIMER0_IRQHandler
 .text.app_error_handler_bare
                0x00001f30       0x2c _build/app_error.o
                0x00001f30                app_error_handler_bare
 .text.NVIC_SystemReset
                0x00001f5c       0x28 _build/app_error_weak.o
 .text.app_error_fault_handler
                0x00001f84       0x18 _build/app_error_weak.o
                0x00001f84                app_error_fault_handler
 .text.fifo_length
                0x00001f9c       0x22 _build/app_fifo.o
 .text.fifo_put
                0x00001fbe       0x36 _build/app_fifo.o
 .text.fifo_peek
                0x00001ff4       0x34 _build/app_fifo.o
 .text.fifo_get
                0x00002028       0x26 _build/app_fifo.o
 .text.app_fifo_init
                0x0000204e       0x58 _build/app_fifo.o
                0x0000204e                app_fifo_init
 .text.app_fifo_put
                0x000020a6       0x34 _build/app_fifo.o
                0x000020a6                app_fifo_put
 .text.app_fifo_get
                0x000020da       0x2c _build/app_fifo.o
                0x000020da                app_fifo_get
 *fill*         0x00002106        0x2 
 .text.log_rtt_init
                0x00002108       0x6c _build/nrf_log.o
                0x00002108                log_rtt_init
 .text.NVIC_EnableIRQ
                0x00002174       0x34 _build/nrf_esb.o
 .text.NVIC_DisableIRQ
                0x000021a8       0x34 _build/nrf_esb.o
 .text.NVIC_SetPendingIRQ
                0x000021dc       0x34 _build/nrf_esb.o
 .text.NVIC_ClearPendingIRQ
                0x00002210       0x34 _build/nrf_esb.o
 .text.NVIC_SetPriority
                0x00002244       0x54 _build/nrf_esb.o
 .text.bytewise_bit_swap
                0x00002298       0x30 _build/nrf_esb.o
 .text.addr_conv
                0x000022c8       0x20 _build/nrf_esb.o
 .text.update_rf_payload_format_esb_dpl
                0x000022e8       0x40 _build/nrf_esb.o
 .text.update_rf_payload_format_esb
                0x00002328       0x48 _build/nrf_esb.o
 .text.update_radio_addresses
                0x00002370       0x7c _build/nrf_esb.o
 .text.update_radio_tx_power
                0x000023ec       0x20 _build/nrf_esb.o
 .text.update_radio_bitrate
                0x0000240c       0x64 _build/nrf_esb.o
 .text.update_radio_protocol
                0x00002470       0x3c _build/nrf_esb.o
 .text.update_radio_crc
                0x000024ac       0x5c _build/nrf_esb.o
 .text.update_radio_parameters
                0x00002508       0x2c _build/nrf_esb.o
 .text.reset_fifos
                0x00002534       0x3c _build/nrf_esb.o
 .text.initialize_fifos
                0x00002570       0x70 _build/nrf_esb.o
 .text.tx_fifo_remove_last
                0x000025e0       0x44 _build/nrf_esb.o
 .text.rx_fifo_push_rfbuf
                0x00002624       0xfc _build/nrf_esb.o
 .text.sys_timer_init
                0x00002720       0x2c _build/nrf_esb.o
 .text.ppi_init
                0x0000274c       0x74 _build/nrf_esb.o
 .text.start_tx_transaction
                0x000027c0      0x1dc _build/nrf_esb.o
 .text.RADIO_IRQHandler
                0x0000299c       0x90 _build/nrf_esb.o
                0x0000299c                RADIO_IRQHandler
 .text.on_radio_disabled_tx_noack
                0x00002a2c       0x44 _build/nrf_esb.o
 .text.on_radio_disabled_tx
                0x00002a70       0xa8 _build/nrf_esb.o
 .text.on_radio_disabled_tx_wait_for_ack
                0x00002b18      0x184 _build/nrf_esb.o
 .text.nrf_esb_init
                0x00002c9c       0xc0 _build/nrf_esb.o
                0x00002c9c                nrf_esb_init
 .text.nrf_esb_disable
                0x00002d5c       0x54 _build/nrf_esb.o
                0x00002d5c                nrf_esb_disable
 .text.nrf_esb_is_idle
                0x00002db0       0x20 _build/nrf_esb.o
                0x00002db0                nrf_esb_is_idle
 .text.SWI0_EGU0_IRQHandler
                0x00002dd0       0x80 _build/nrf_esb.o
                0x00002dd0                SWI0_EGU0_IRQHandler
 .text.nrf_esb_write_payload
                0x00002e50      0x134 _build/nrf_esb.o
                0x00002e50                nrf_esb_write_payload
 .text.nrf_esb_read_rx_payload
                0x00002f84       0xcc _build/nrf_esb.o
                0x00002f84                nrf_esb_read_rx_payload
 .text.nrf_esb_flush_tx
                0x00003050       0x44 _build/nrf_esb.o
                0x00003050                nrf_esb_flush_tx
 .text.nrf_esb_pop_tx
                0x00003094       0x60 _build/nrf_esb.o
                0x00003094                nrf_esb_pop_tx
 .text.nrf_esb_flush_rx
                0x000030f4       0x50 _build/nrf_esb.o
                0x000030f4                nrf_esb_flush_rx
 .text.nrf_esb_get_clear_interrupts
                0x00003144       0x50 _build/nrf_esb.o
                0x00003144                nrf_esb_get_clear_interrupts
 .text.nrf_esb_set_base_address_0
                0x00003194       0x40 _build/nrf_esb.o
                0x00003194                nrf_esb_set_base_address_0
 .text.nrf_esb_set_base_address_1
                0x000031d4       0x40 _build/nrf_esb.o
                0x000031d4                nrf_esb_set_base_address_1
 .text.nrf_esb_set_prefixes
                0x00003214       0x6c _build/nrf_esb.o
                0x00003214                nrf_esb_set_prefixes
 .text._DoInit  0x00003280       0x9c _build/SEGGER_RTT.o
 .text.SEGGER_RTT_ConfigUpBuffer
                0x0000331c       0xd4 _build/SEGGER_RTT.o
                0x0000331c                SEGGER_RTT_ConfigUpBuffer
 .text.SEGGER_RTT_ConfigDownBuffer
                0x000033f0       0xd4 _build/SEGGER_RTT.o
                0x000033f0                SEGGER_RTT_ConfigDownBuffer
 .text.NVIC_SystemReset
                0x000034c4       0x28 _build/system_nrf52.o
 .text.SystemCoreClockUpdate
                0x000034ec       0x1c _build/system_nrf52.o
                0x000034ec                SystemCoreClockUpdate
 .text.SystemInit
                0x00003508      0x258 _build/system_nrf52.o
                0x00003508                SystemInit
 .text.errata_16
                0x00003760       0x44 _build/system_nrf52.o
 .text.errata_31
                0x000037a4       0x64 _build/system_nrf52.o
 .text.errata_32
                0x00003808       0x44 _build/system_nrf52.o
 .text.errata_36
                0x0000384c       0x64 _build/system_nrf52.o
 .text.errata_37
                0x000038b0       0x44 _build/system_nrf52.o
 .text.errata_57
                0x000038f4       0x44 _build/system_nrf52.o
 .text.errata_66
                0x00003938       0x44 _build/system_nrf52.o
 .text.nrf_timer_frequency_get
                0x0000397c       0x1c _build/main.o
 .text.nrf_timer_ms_to_ticks
                0x00003998       0x2c _build/main.o
 .text.nrf_drv_timer_ms_to_ticks
                0x000039c4       0x28 _build/main.o
 .text.nrf_gpio_cfg
                0x000039ec       0x4e _build/main.o
 .text.nrf_gpio_cfg_output
                0x00003a3a       0x24 _build/main.o
 .text.clocks_start
                0x00003a5e       0x2e _build/main.o
                0x00003a5e                clocks_start
 .text.timer_event_handler
                0x00003a8c       0x40 _build/main.o
                0x00003a8c                timer_event_handler
 .text.nrf_esb_event_handler
                0x00003acc       0x58 _build/main.o
                0x00003acc                nrf_esb_event_handler
 .text.esb_init
                0x00003b24       0xd0 _build/main.o
                0x00003b24                esb_init
 .text.uart_event_handler
                0x00003bf4       0x48 _build/main.o
                0x00003bf4                uart_event_handler
 .text.uart_send
                0x00003c3c       0x28 _build/main.o
                0x00003c3c                uart_send
 .text.reset_flags
                0x00003c64       0x2c _build/main.o
                0x00003c64                reset_flags
 .text.main     0x00003c90      0x4c4 _build/main.o
                0x00003c90                main
 .text          0x00004154       0x3c _build/gcc_startup_nrf52.o
                0x00004154                Reset_Handler
                0x0000417c                NMI_Handler
                0x0000417e                HardFault_Handler
                0x00004180                MemoryManagement_Handler
                0x00004182                BusFault_Handler
                0x00004184                UsageFault_Handler
                0x00004186                SVC_Handler
                0x00004188                DebugMonitor_Handler
                0x0000418a                PendSV_Handler
                0x0000418c                SysTick_Handler
                0x0000418e                PDM_IRQHandler
                0x0000418e                TEMP_IRQHandler
                0x0000418e                QDEC_IRQHandler
                0x0000418e                TIMER3_IRQHandler
                0x0000418e                FPU_IRQHandler
                0x0000418e                POWER_CLOCK_IRQHandler
                0x0000418e                PWM1_IRQHandler
                0x0000418e                TIMER4_IRQHandler
                0x0000418e                I2S_IRQHandler
                0x0000418e                SWI4_EGU4_IRQHandler
                0x0000418e                GPIOTE_IRQHandler
                0x0000418e                SPIM0_SPIS0_TWIM0_TWIS0_SPI0_TWI0_IRQHandler
                0x0000418e                PWM2_IRQHandler
                0x0000418e                ECB_IRQHandler
                0x0000418e                SPIM1_SPIS1_TWIM1_TWIS1_SPI1_TWI1_IRQHandler
                0x0000418e                Default_Handler
                0x0000418e                SAADC_IRQHandler
                0x0000418e                CCM_AAR_IRQHandler
                0x0000418e                WDT_IRQHandler
                0x0000418e                SWI2_EGU2_IRQHandler
                0x0000418e                SWI5_EGU5_IRQHandler
                0x0000418e                RNG_IRQHandler
                0x0000418e                RTC2_IRQHandler
                0x0000418e                PWM0_IRQHandler
                0x0000418e                SWI3_EGU3_IRQHandler
                0x0000418e                RTC1_IRQHandler
                0x0000418e                SWI1_EGU1_IRQHandler
                0x0000418e                SPIM2_SPIS2_SPI2_IRQHandler
                0x0000418e                NFCT_IRQHandler
                0x0000418e                RTC0_IRQHandler
                0x0000418e                MWU_IRQHandler
                0x0000418e                TIMER1_IRQHandler
                0x0000418e                TIMER2_IRQHandler
                0x0000418e                COMP_LPCOMP_IRQHandler
 .text.memcpy   0x00004190       0x16 c:/program files (x86)/gnu tools arm embedded/6 2017-q1-update/bin/../lib/gcc/arm-none-eabi/6.3.1/../../../../arm-none-eabi/lib/thumb/v7e-m/fpv4-sp/hard\libc_nano.a(lib_a-memcpy-stub.o)
                0x00004190                memcpy
 .text.strcpy   0x000041a6       0x10 c:/program files (x86)/gnu tools arm embedded/6 2017-q1-update/bin/../lib/gcc/arm-none-eabi/6.3.1/../../../../arm-none-eabi/lib/thumb/v7e-m/fpv4-sp/hard\libc_nano.a(lib_a-strcpy.o)
                0x000041a6                strcpy
 *(.init)
 *fill*         0x000041b6        0x2 
 .init          0x000041b8        0x4 c:/program files (x86)/gnu tools arm embedded/6 2017-q1-update/bin/../lib/gcc/arm-none-eabi/6.3.1/thumb/v7e-m/fpv4-sp/hard/crti.o
                0x000041b8                _init
 .init          0x000041bc        0x8 c:/program files (x86)/gnu tools arm embedded/6 2017-q1-update/bin/../lib/gcc/arm-none-eabi/6.3.1/thumb/v7e-m/fpv4-sp/hard/crtn.o
 *(.fini)
 .fini          0x000041c4        0x4 c:/program files (x86)/gnu tools arm embedded/6 2017-q1-update/bin/../lib/gcc/arm-none-eabi/6.3.1/thumb/v7e-m/fpv4-sp/hard/crti.o
                0x000041c4                _fini
 .fini          0x000041c8        0x8 c:/program files (x86)/gnu tools arm embedded/6 2017-q1-update/bin/../lib/gcc/arm-none-eabi/6.3.1/thumb/v7e-m/fpv4-sp/hard/crtn.o
 *crtbegin.o(.ctors)
 *crtbegin?.o(.ctors)
 *(EXCLUDE_FILE(*crtend.o *crtend?.o) .ctors)
 *(SORT(.ctors.*))
 *(.ctors)
 *crtbegin.o(.dtors)
 *crtbegin?.o(.dtors)
 *(EXCLUDE_FILE(*crtend.o *crtend?.o) .dtors)
 *(SORT(.dtors.*))
 *(.dtors)
 *(.rodata*)
 .rodata._global_impure_ptr
                0x000041d0        0x4 c:/program files (x86)/gnu tools arm embedded/6 2017-q1-update/bin/../lib/gcc/arm-none-eabi/6.3.1/../../../../arm-none-eabi/lib/thumb/v7e-m/fpv4-sp/hard\libc_nano.a(lib_a-impure.o)
                0x000041d0                _global_impure_ptr
 .rodata        0x000041d4       0x20 _build/app_uart_fifo.o
 .rodata.m_default_config
                0x000041f4       0x20 _build/nrf_drv_uart.o
 .rodata.m_default_config
                0x00004214        0x8 _build/nrf_drv_timer.o
 .rodata        0x0000421c        0xe _build/nrf_log.o
 *fill*         0x0000422a        0x2 
 .rodata        0x0000422c       0x17 _build/SEGGER_RTT.o
 *fill*         0x00004243        0x1 
 .rodata.TIMER_TX
                0x00004244        0x8 _build/main.o
                0x00004244                TIMER_TX
 .rodata        0x0000424c       0x6c _build/main.o
 *(.eh_frame*)
 .eh_frame      0x000042b8        0x0 c:/program files (x86)/gnu tools arm embedded/6 2017-q1-update/bin/../lib/gcc/arm-none-eabi/6.3.1/thumb/v7e-m/fpv4-sp/hard/crtbegin.o
 .eh_frame      0x000042b8        0x4 c:/program files (x86)/gnu tools arm embedded/6 2017-q1-update/bin/../lib/gcc/arm-none-eabi/6.3.1/thumb/v7e-m/fpv4-sp/hard/crtend.o

.glue_7         0x000042bc        0x0
 .glue_7        0x000042bc        0x0 linker stubs

.glue_7t        0x000042bc        0x0
 .glue_7t       0x000042bc        0x0 linker stubs

.vfp11_veneer   0x000042bc        0x0
 .vfp11_veneer  0x000042bc        0x0 linker stubs

.v4_bx          0x000042bc        0x0
 .v4_bx         0x000042bc        0x0 linker stubs

.iplt           0x000042bc        0x0
 .iplt          0x000042bc        0x0 c:/program files (x86)/gnu tools arm embedded/6 2017-q1-update/bin/../lib/gcc/arm-none-eabi/6.3.1/thumb/v7e-m/fpv4-sp/hard/crtbegin.o

.ARM.extab
 *(.ARM.extab* .gnu.linkonce.armextab.*)
                0x000042bc                __exidx_start = .

.ARM.exidx      0x000042bc        0x8
 *(.ARM.exidx* .gnu.linkonce.armexidx.*)
 .ARM.exidx     0x000042bc        0x8 c:/program files (x86)/gnu tools arm embedded/6 2017-q1-update/bin/../lib/gcc/arm-none-eabi/6.3.1/../../../../arm-none-eabi/lib/thumb/v7e-m/fpv4-sp/hard/crt0.o
                0x000042c4                __exidx_end = .
                0x000042c4                __etext = .

.rel.dyn        0x000042c4        0x0
 .rel.iplt      0x000042c4        0x0 c:/program files (x86)/gnu tools arm embedded/6 2017-q1-update/bin/../lib/gcc/arm-none-eabi/6.3.1/thumb/v7e-m/fpv4-sp/hard/crtbegin.o

.data           0x20000000      0x290 load address 0x000042c4
                0x20000000                __data_start__ = .
 *(vtable)
 *(.data*)
 .data.impure_data
                0x20000000       0x60 c:/program files (x86)/gnu tools arm embedded/6 2017-q1-update/bin/../lib/gcc/arm-none-eabi/6.3.1/../../../../arm-none-eabi/lib/thumb/v7e-m/fpv4-sp/hard\libc_nano.a(lib_a-impure.o)
 .data.m_esb_addr
                0x20000060       0x14 _build/nrf_esb.o
 .data.SystemCoreClock
                0x20000074        0x4 _build/system_nrf52.o
                0x20000074                SystemCoreClock
 .data.rxpacketid
                0x20000078        0x4 _build/main.o
 .data.dummy_payload
                0x2000007c      0x101 _build/main.o
                0x2000007c                dummy_payload
 *fill*         0x2000017d        0x3 
 .data.reset_payload
                0x20000180      0x101 _build/main.o
                0x20000180                reset_payload
                0x20000284                . = ALIGN (0x4)
 *fill*         0x20000281        0x3 
                0x20000284                PROVIDE (__preinit_array_start, .)
 *(.preinit_array)
                0x20000284                PROVIDE (__preinit_array_end, .)
                0x20000284                . = ALIGN (0x4)
                0x20000284                PROVIDE (__init_array_start, .)
 *(SORT(.init_array.*))
 *(.init_array)
 .init_array    0x20000284        0x4 c:/program files (x86)/gnu tools arm embedded/6 2017-q1-update/bin/../lib/gcc/arm-none-eabi/6.3.1/thumb/v7e-m/fpv4-sp/hard/crtbegin.o
                0x20000288                PROVIDE (__init_array_end, .)
                0x20000288                . = ALIGN (0x4)
                [!provide]                PROVIDE (__fini_array_start, .)
 *(SORT(.fini_array.*))
 *(.fini_array)
 .fini_array    0x20000288        0x4 c:/program files (x86)/gnu tools arm embedded/6 2017-q1-update/bin/../lib/gcc/arm-none-eabi/6.3.1/thumb/v7e-m/fpv4-sp/hard/crtbegin.o
                [!provide]                PROVIDE (__fini_array_end, .)
 *(.jcr*)
 .jcr           0x2000028c        0x0 c:/program files (x86)/gnu tools arm embedded/6 2017-q1-update/bin/../lib/gcc/arm-none-eabi/6.3.1/thumb/v7e-m/fpv4-sp/hard/crtbegin.o
 .jcr           0x2000028c        0x4 c:/program files (x86)/gnu tools arm embedded/6 2017-q1-update/bin/../lib/gcc/arm-none-eabi/6.3.1/thumb/v7e-m/fpv4-sp/hard/crtend.o
                0x20000290                . = ALIGN (0x4)
                0x20000290                __data_end__ = .
LOAD c:/program files (x86)/gnu tools arm embedded/6 2017-q1-update/bin/../lib/gcc/arm-none-eabi/6.3.1/thumb/v7e-m/fpv4-sp/hard/crti.o
LOAD c:/program files (x86)/gnu tools arm embedded/6 2017-q1-update/bin/../lib/gcc/arm-none-eabi/6.3.1/thumb/v7e-m/fpv4-sp/hard/crtbegin.o
LOAD c:/program files (x86)/gnu tools arm embedded/6 2017-q1-update/bin/../lib/gcc/arm-none-eabi/6.3.1/../../../../arm-none-eabi/lib/thumb/v7e-m/fpv4-sp/hard/crt0.o
LOAD c:/program files (x86)/gnu tools arm embedded/6 2017-q1-update/bin/../lib/gcc/arm-none-eabi/6.3.1/../../../../arm-none-eabi/lib/thumb/v7e-m/fpv4-sp/hard\libc_nano.a
LOAD c:/program files (x86)/gnu tools arm embedded/6 2017-q1-update/bin/../lib/gcc/arm-none-eabi/6.3.1/../../../../arm-none-eabi/lib/thumb/v7e-m/fpv4-sp/hard\libnosys.a
LOAD _build/app_uart_fifo.o
LOAD _build/nrf_delay.o
LOAD _build/nrf_drv_common.o
LOAD _build/nrf_drv_uart.o
LOAD _build/nrf_drv_timer.o
LOAD _build/app_error.o
LOAD _build/app_error_weak.o
LOAD _build/app_fifo.o
LOAD _build/app_util_platform.o
LOAD _build/nrf_assert.o
LOAD _build/retarget.o
LOAD _build/nrf_log.o
LOAD _build/nrf_esb.o
LOAD _build/RTT_Syscalls_KEIL.o
LOAD _build/SEGGER_RTT.o
LOAD _build/SEGGER_RTT_printf.o
LOAD _build/system_nrf52.o
LOAD _build/main.o
LOAD _build/gcc_startup_nrf52.o
LOAD c:/program files (x86)/gnu tools arm embedded/6 2017-q1-update/bin/../lib/gcc/arm-none-eabi/6.3.1/../../../../arm-none-eabi/lib/thumb/v7e-m/fpv4-sp/hard\libm.a
START GROUP
LOAD c:/program files (x86)/gnu tools arm embedded/6 2017-q1-update/bin/../lib/gcc/arm-none-eabi/6.3.1/thumb/v7e-m/fpv4-sp/hard\libgcc.a
LOAD c:/program files (x86)/gnu tools arm embedded/6 2017-q1-update/bin/../lib/gcc/arm-none-eabi/6.3.1/../../../../arm-none-eabi/lib/thumb/v7e-m/fpv4-sp/hard\libc_nano.a
END GROUP
START GROUP
LOAD c:/program files (x86)/gnu tools arm embedded/6 2017-q1-update/bin/../lib/gcc/arm-none-eabi/6.3.1/thumb/v7e-m/fpv4-sp/hard\libgcc.a
LOAD c:/program files (x86)/gnu tools arm embedded/6 2017-q1-update/bin/../lib/gcc/arm-none-eabi/6.3.1/../../../../arm-none-eabi/lib/thumb/v7e-m/fpv4-sp/hard\libc_nano.a
END GROUP
LOAD c:/program files (x86)/gnu tools arm embedded/6 2017-q1-update/bin/../lib/gcc/arm-none-eabi/6.3.1/thumb/v7e-m/fpv4-sp/hard/crtend.o
LOAD c:/program files (x86)/gnu tools arm embedded/6 2017-q1-update/bin/../lib/gcc/arm-none-eabi/6.3.1/thumb/v7e-m/fpv4-sp/hard/crtn.o
START GROUP
LOAD c:/program files (x86)/gnu tools arm embedded/6 2017-q1-update/bin/../lib/gcc/arm-none-eabi/6.3.1/thumb/v7e-m/fpv4-sp/hard\libgcc.a
LOAD c:/program files (x86)/gnu tools arm embedded/6 2017-q1-update/bin/../lib/gcc/arm-none-eabi/6.3.1/../../../../arm-none-eabi/lib/thumb/v7e-m/fpv4-sp/hard\libc.a
LOAD c:/program files (x86)/gnu tools arm embedded/6 2017-q1-update/bin/../lib/gcc/arm-none-eabi/6.3.1/../../../../arm-none-eabi/lib/thumb/v7e-m/fpv4-sp/hard\libnosys.a
END GROUP

.igot.plt       0x20000290        0x0 load address 0x00004554
 .igot.plt      0x20000290        0x0 c:/program files (x86)/gnu tools arm embedded/6 2017-q1-update/bin/../lib/gcc/arm-none-eabi/6.3.1/thumb/v7e-m/fpv4-sp/hard/crtbegin.o

.uicr
 *(.uicr)

.fs_data        0x20000290        0x0
                [!provide]                PROVIDE (__start_fs_data, .)
 *(.fs_data)
                [!provide]                PROVIDE (__stop_fs_data, .)

.bss            0x20000290     0x3e60 load address 0x00004554
                0x20000290                . = ALIGN (0x4)
                0x20000290                __bss_start__ = .
 *(.bss*)
 .bss           0x20000290       0x1c c:/program files (x86)/gnu tools arm embedded/6 2017-q1-update/bin/../lib/gcc/arm-none-eabi/6.3.1/thumb/v7e-m/fpv4-sp/hard/crtbegin.o
 .bss.m_event_handler
                0x200002ac        0x4 _build/app_uart_fifo.o
 .bss.tx_buffer
                0x200002b0        0x1 _build/app_uart_fifo.o
 *fill*         0x200002b1        0x3 
 .bss.rx_buffer
                0x200002b4        0x1 _build/app_uart_fifo.o
 *fill*         0x200002b5        0x3 
 .bss.m_rx_fifo
                0x200002b8       0x10 _build/app_uart_fifo.o
 .bss.m_tx_fifo
                0x200002c8       0x10 _build/app_uart_fifo.o
 .bss.m_cb      0x200002d8       0x20 _build/nrf_drv_uart.o
 .bss.m_cb      0x200002f8        0xc _build/nrf_drv_timer.o
 .bss.buf_normal_up
                0x20000304      0x400 _build/nrf_log.o
 .bss.buf_down  0x20000704       0x10 _build/nrf_log.o
 .bss.initialized.8204
                0x20000714        0x1 _build/nrf_log.o
 .bss.m_esb_initialized
                0x20000715        0x1 _build/nrf_esb.o
 .bss.m_nrf_esb_mainstate
                0x20000716        0x1 _build/nrf_esb.o
 *fill*         0x20000717        0x1 
 .bss.mp_current_payload
                0x20000718        0x4 _build/nrf_esb.o
 .bss.m_event_handler
                0x2000071c        0x4 _build/nrf_esb.o
 .bss.m_config_local
                0x20000720       0x18 _build/nrf_esb.o
 .bss.m_tx_fifo_payload
                0x20000738     0x1010 _build/nrf_esb.o
 .bss.m_tx_fifo
                0x20001748       0x4c _build/nrf_esb.o
 .bss.m_rx_fifo_payload
                0x20001794     0x1010 _build/nrf_esb.o
 .bss.m_rx_fifo
                0x200027a4       0x4c _build/nrf_esb.o
 .bss.m_tx_payload_buffer
                0x200027f0       0xfe _build/nrf_esb.o
 *fill*         0x200028ee        0x2 
 .bss.m_rx_payload_buffer
                0x200028f0       0xfe _build/nrf_esb.o
 *fill*         0x200029ee        0x2 
 .bss.m_interrupt_flags
                0x200029f0        0x4 _build/nrf_esb.o
 .bss.m_pids    0x200029f4        0x9 _build/nrf_esb.o
 *fill*         0x200029fd        0x3 
 .bss.m_rx_pipe_info
                0x20002a00       0x24 _build/nrf_esb.o
 .bss.m_retransmits_remaining
                0x20002a24        0x4 _build/nrf_esb.o
 .bss.m_last_tx_attempts
                0x20002a28        0x4 _build/nrf_esb.o
 .bss.m_wait_for_ack_timeout_us
                0x20002a2c        0x4 _build/nrf_esb.o
 .bss.on_radio_disabled
                0x20002a30        0x4 _build/nrf_esb.o
 .bss.on_radio_end
                0x20002a34        0x4 _build/nrf_esb.o
 .bss.update_rf_payload_format
                0x20002a38        0x4 _build/nrf_esb.o
 .bss._acUpBuffer
                0x20002a3c      0x400 _build/SEGGER_RTT.o
 .bss._acDownBuffer
                0x20002e3c       0x10 _build/SEGGER_RTT.o
 .bss.rx_msg    0x20002e4c        0x1 _build/main.o
 *fill*         0x20002e4d        0x3 
 .bss.errcode   0x20002e50        0x4 _build/main.o
 .bss.payload_w_ptr
                0x20002e54        0x4 _build/main.o
 .bss.uart_state
                0x20002e58        0x4 _build/main.o
 .bss.tx_fail_count
                0x20002e5c        0x4 _build/main.o
 .bss.tx_fail_flag
                0x20002e60        0x4 _build/main.o
 .bss.tx_success_flag
                0x20002e64        0x4 _build/main.o
 .bss.readpackets_flag
                0x20002e68        0x4 _build/main.o
 .bss.uart_flag
                0x20002e6c        0x4 _build/main.o
 .bss.rx_buf.9182
                0x20002e70      0x800 _build/main.o
 .bss.tx_buf.9183
                0x20003670      0x800 _build/main.o
 *(COMMON)
 COMMON         0x20003e70       0x78 _build/SEGGER_RTT.o
                0x20003e70                _SEGGER_RTT
 COMMON         0x20003ee8      0x205 _build/main.o
                0x20003ee8                rx_payload
                0x20003fec                tx_payload
                0x200040f0                . = ALIGN (0x4)
 *fill*         0x200040ed        0x3 
                0x200040f0                __bss_end__ = .

.heap           0x200040f0     0x2000
                0x200040f0                __end__ = .
                [!provide]                PROVIDE (end, .)
 *(.heap*)
 .heap          0x200040f0     0x2000 _build/gcc_startup_nrf52.o
                0x200040f0                __HeapBase
                0x200060f0                __HeapLimit = .

.stack_dummy    0x200040f0     0x2000
 *(.stack*)
 .stack         0x200040f0     0x2000 _build/gcc_startup_nrf52.o
                0x20010000                __StackTop = (ORIGIN (RAM) + LENGTH (RAM))
                0x2000e000                __StackLimit = (__StackTop - SIZEOF (.stack_dummy))
                0x20010000                PROVIDE (__stack, __StackTop)
                0x00000001                ASSERT ((__StackLimit >= __HeapLimit), region RAM overflowed with stack)
OUTPUT(_build/nrf52832_xxaa.out elf32-littlearm)

.ARM.attributes
                0x00000000       0x30
 .ARM.attributes
                0x00000000       0x22 c:/program files (x86)/gnu tools arm embedded/6 2017-q1-update/bin/../lib/gcc/arm-none-eabi/6.3.1/thumb/v7e-m/fpv4-sp/hard/crti.o
 .ARM.attributes
                0x00000022       0x34 c:/program files (x86)/gnu tools arm embedded/6 2017-q1-update/bin/../lib/gcc/arm-none-eabi/6.3.1/thumb/v7e-m/fpv4-sp/hard/crtbegin.o
 .ARM.attributes
                0x00000056       0x20 c:/program files (x86)/gnu tools arm embedded/6 2017-q1-update/bin/../lib/gcc/arm-none-eabi/6.3.1/../../../../arm-none-eabi/lib/thumb/v7e-m/fpv4-sp/hard/crt0.o
 .ARM.attributes
                0x00000076       0x34 c:/program files (x86)/gnu tools arm embedded/6 2017-q1-update/bin/../lib/gcc/arm-none-eabi/6.3.1/../../../../arm-none-eabi/lib/thumb/v7e-m/fpv4-sp/hard\libc_nano.a(lib_a-exit.o)
 .ARM.attributes
                0x000000aa       0x34 c:/program files (x86)/gnu tools arm embedded/6 2017-q1-update/bin/../lib/gcc/arm-none-eabi/6.3.1/../../../../arm-none-eabi/lib/thumb/v7e-m/fpv4-sp/hard\libc_nano.a(lib_a-impure.o)
 .ARM.attributes
                0x000000de       0x34 c:/program files (x86)/gnu tools arm embedded/6 2017-q1-update/bin/../lib/gcc/arm-none-eabi/6.3.1/../../../../arm-none-eabi/lib/thumb/v7e-m/fpv4-sp/hard\libc_nano.a(lib_a-init.o)
 .ARM.attributes
                0x00000112       0x34 c:/program files (x86)/gnu tools arm embedded/6 2017-q1-update/bin/../lib/gcc/arm-none-eabi/6.3.1/../../../../arm-none-eabi/lib/thumb/v7e-m/fpv4-sp/hard\libc_nano.a(lib_a-memset.o)
 .ARM.attributes
                0x00000146       0x34 c:/program files (x86)/gnu tools arm embedded/6 2017-q1-update/bin/../lib/gcc/arm-none-eabi/6.3.1/../../../../arm-none-eabi/lib/thumb/v7e-m/fpv4-sp/hard\libnosys.a(_exit.o)
 .ARM.attributes
                0x0000017a       0x39 _build/app_uart_fifo.o
 .ARM.attributes
                0x000001b3       0x39 _build/nrf_delay.o
 .ARM.attributes
                0x000001ec       0x39 _build/nrf_drv_common.o
 .ARM.attributes
                0x00000225       0x39 _build/nrf_drv_uart.o
 .ARM.attributes
                0x0000025e       0x39 _build/nrf_drv_timer.o
 .ARM.attributes
                0x00000297       0x39 _build/app_error.o
 .ARM.attributes
                0x000002d0       0x39 _build/app_error_weak.o
 .ARM.attributes
                0x00000309       0x39 _build/app_fifo.o
 .ARM.attributes
                0x00000342       0x39 _build/nrf_log.o
 .ARM.attributes
                0x0000037b       0x39 _build/nrf_esb.o
 .ARM.attributes
                0x000003b4       0x39 _build/SEGGER_RTT.o
 .ARM.attributes
                0x000003ed       0x39 _build/system_nrf52.o
 .ARM.attributes
                0x00000426       0x39 _build/main.o
 .ARM.attributes
                0x0000045f       0x1c _build/gcc_startup_nrf52.o
 .ARM.attributes
                0x0000047b       0x34 c:/program files (x86)/gnu tools arm embedded/6 2017-q1-update/bin/../lib/gcc/arm-none-eabi/6.3.1/../../../../arm-none-eabi/lib/thumb/v7e-m/fpv4-sp/hard\libc_nano.a(lib_a-memcpy-stub.o)
 .ARM.attributes
                0x000004af       0x34 c:/program files (x86)/gnu tools arm embedded/6 2017-q1-update/bin/../lib/gcc/arm-none-eabi/6.3.1/../../../../arm-none-eabi/lib/thumb/v7e-m/fpv4-sp/hard\libc_nano.a(lib_a-strcpy.o)
 .ARM.attributes
                0x000004e3       0x34 c:/program files (x86)/gnu tools arm embedded/6 2017-q1-update/bin/../lib/gcc/arm-none-eabi/6.3.1/thumb/v7e-m/fpv4-sp/hard/crtend.o
 .ARM.attributes
                0x00000517       0x22 c:/program files (x86)/gnu tools arm embedded/6 2017-q1-update/bin/../lib/gcc/arm-none-eabi/6.3.1/thumb/v7e-m/fpv4-sp/hard/crtn.o

.comment        0x00000000       0x7f
 .comment       0x00000000       0x7f _build/app_uart_fifo.o
                                 0x80 (size before relaxing)
 .comment       0x0000007f       0x80 _build/nrf_delay.o
 .comment       0x0000007f       0x80 _build/nrf_drv_common.o
 .comment       0x0000007f       0x80 _build/nrf_drv_uart.o
 .comment       0x0000007f       0x80 _build/nrf_drv_timer.o
 .comment       0x0000007f       0x80 _build/app_error.o
 .comment       0x0000007f       0x80 _build/app_error_weak.o
 .comment       0x0000007f       0x80 _build/app_fifo.o
 .comment       0x0000007f       0x80 _build/nrf_log.o
 .comment       0x0000007f       0x80 _build/nrf_esb.o
 .comment       0x0000007f       0x80 _build/SEGGER_RTT.o
 .comment       0x0000007f       0x80 _build/system_nrf52.o
 .comment       0x0000007f       0x80 _build/main.o

.debug_frame    0x00000000     0x2554
 .debug_frame   0x00000000       0x28 c:/program files (x86)/gnu tools arm embedded/6 2017-q1-update/bin/../lib/gcc/arm-none-eabi/6.3.1/../../../../arm-none-eabi/lib/thumb/v7e-m/fpv4-sp/hard\libc_nano.a(lib_a-exit.o)
 .debug_frame   0x00000028       0x2c c:/program files (x86)/gnu tools arm embedded/6 2017-q1-update/bin/../lib/gcc/arm-none-eabi/6.3.1/../../../../arm-none-eabi/lib/thumb/v7e-m/fpv4-sp/hard\libc_nano.a(lib_a-init.o)
 .debug_frame   0x00000054       0x20 c:/program files (x86)/gnu tools arm embedded/6 2017-q1-update/bin/../lib/gcc/arm-none-eabi/6.3.1/../../../../arm-none-eabi/lib/thumb/v7e-m/fpv4-sp/hard\libc_nano.a(lib_a-memset.o)
 .debug_frame   0x00000074       0x20 c:/program files (x86)/gnu tools arm embedded/6 2017-q1-update/bin/../lib/gcc/arm-none-eabi/6.3.1/../../../../arm-none-eabi/lib/thumb/v7e-m/fpv4-sp/hard\libnosys.a(_exit.o)
 .debug_frame   0x00000094      0x10c _build/app_uart_fifo.o
 .debug_frame   0x000001a0       0x38 _build/nrf_delay.o
 .debug_frame   0x000001d8       0xac _build/nrf_drv_common.o
 .debug_frame   0x00000284      0xba8 _build/nrf_drv_uart.o
 .debug_frame   0x00000e2c      0x528 _build/nrf_drv_timer.o
 .debug_frame   0x00001354       0x80 _build/app_error.o
 .debug_frame   0x000013d4       0x4c _build/app_error_weak.o
 .debug_frame   0x00001420      0x1b4 _build/app_fifo.o
 .debug_frame   0x000015d4      0x17c _build/nrf_log.o
 .debug_frame   0x00001750      0x6f8 _build/nrf_esb.o
 .debug_frame   0x00001e48      0x394 _build/SEGGER_RTT.o
 .debug_frame   0x000021dc      0x144 _build/system_nrf52.o
 .debug_frame   0x00002320      0x1ec _build/main.o
 .debug_frame   0x0000250c       0x28 c:/program files (x86)/gnu tools arm embedded/6 2017-q1-update/bin/../lib/gcc/arm-none-eabi/6.3.1/../../../../arm-none-eabi/lib/thumb/v7e-m/fpv4-sp/hard\libc_nano.a(lib_a-memcpy-stub.o)
 .debug_frame   0x00002534       0x20 c:/program files (x86)/gnu tools arm embedded/6 2017-q1-update/bin/../lib/gcc/arm-none-eabi/6.3.1/../../../../arm-none-eabi/lib/thumb/v7e-m/fpv4-sp/hard\libc_nano.a(lib_a-strcpy.o)

.debug_info     0x00000000     0xfa65
 .debug_info    0x00000000      0xfc5 _build/app_uart_fifo.o
 .debug_info    0x00000fc5      0x952 _build/nrf_delay.o
 .debug_info    0x00001917      0xdba _build/nrf_drv_common.o
 .debug_info    0x000026d1     0x29df _build/nrf_drv_uart.o
 .debug_info    0x000050b0     0x1838 _build/nrf_drv_timer.o
 .debug_info    0x000068e8      0xb2d _build/app_error.o
 .debug_info    0x00007415      0xb4d _build/app_error_weak.o
 .debug_info    0x00007f62      0xc83 _build/app_fifo.o
 .debug_info    0x00008be5      0xd85 _build/nrf_log.o
 .debug_info    0x0000996a     0x230c _build/nrf_esb.o
 .debug_info    0x0000bc76     0x1484 _build/SEGGER_RTT.o
 .debug_info    0x0000d0fa      0xd79 _build/system_nrf52.o
 .debug_info    0x0000de73     0x1bf2 _build/main.o

.debug_abbrev   0x00000000     0x2398
 .debug_abbrev  0x00000000      0x258 _build/app_uart_fifo.o
 .debug_abbrev  0x00000258      0x215 _build/nrf_delay.o
 .debug_abbrev  0x0000046d      0x254 _build/nrf_drv_common.o
 .debug_abbrev  0x000006c1      0x3dc _build/nrf_drv_uart.o
 .debug_abbrev  0x00000a9d      0x303 _build/nrf_drv_timer.o
 .debug_abbrev  0x00000da0      0x218 _build/app_error.o
 .debug_abbrev  0x00000fb8      0x216 _build/app_error_weak.o
 .debug_abbrev  0x000011ce      0x246 _build/app_fifo.o
 .debug_abbrev  0x00001414      0x2a1 _build/nrf_log.o
 .debug_abbrev  0x000016b5      0x49a _build/nrf_esb.o
 .debug_abbrev  0x00001b4f      0x2e5 _build/SEGGER_RTT.o
 .debug_abbrev  0x00001e34      0x1e1 _build/system_nrf52.o
 .debug_abbrev  0x00002015      0x383 _build/main.o

.debug_aranges  0x00000000      0x910
 .debug_aranges
                0x00000000       0x50 _build/app_uart_fifo.o
 .debug_aranges
                0x00000050       0x20 _build/nrf_delay.o
 .debug_aranges
                0x00000070       0x38 _build/nrf_drv_common.o
 .debug_aranges
                0x000000a8      0x298 _build/nrf_drv_uart.o
 .debug_aranges
                0x00000340      0x128 _build/nrf_drv_timer.o
 .debug_aranges
                0x00000468       0x30 _build/app_error.o
 .debug_aranges
                0x00000498       0x28 _build/app_error_weak.o
 .debug_aranges
                0x000004c0       0x70 _build/app_fifo.o
 .debug_aranges
                0x00000530       0x60 _build/nrf_log.o
 .debug_aranges
                0x00000590      0x1b8 _build/nrf_esb.o
 .debug_aranges
                0x00000748       0xe0 _build/SEGGER_RTT.o
 .debug_aranges
                0x00000828       0x68 _build/system_nrf52.o
 .debug_aranges
                0x00000890       0x80 _build/main.o

.debug_ranges   0x00000000      0x840
 .debug_ranges  0x00000000       0x40 _build/app_uart_fifo.o
 .debug_ranges  0x00000040       0x10 _build/nrf_delay.o
 .debug_ranges  0x00000050       0x28 _build/nrf_drv_common.o
 .debug_ranges  0x00000078      0x288 _build/nrf_drv_uart.o
 .debug_ranges  0x00000300      0x118 _build/nrf_drv_timer.o
 .debug_ranges  0x00000418       0x20 _build/app_error.o
 .debug_ranges  0x00000438       0x18 _build/app_error_weak.o
 .debug_ranges  0x00000450       0x60 _build/app_fifo.o
 .debug_ranges  0x000004b0       0x50 _build/nrf_log.o
 .debug_ranges  0x00000500      0x1a8 _build/nrf_esb.o
 .debug_ranges  0x000006a8       0xd0 _build/SEGGER_RTT.o
 .debug_ranges  0x00000778       0x58 _build/system_nrf52.o
 .debug_ranges  0x000007d0       0x70 _build/main.o

.debug_macro    0x00000000    0x17738
 .debug_macro   0x00000000      0x39a _build/app_uart_fifo.o
 .debug_macro   0x0000039a      0x90a _build/app_uart_fifo.o
 .debug_macro   0x00000ca4       0x22 _build/app_uart_fifo.o
 .debug_macro   0x00000cc6       0x87 _build/app_uart_fifo.o
 .debug_macro   0x00000d4d       0x51 _build/app_uart_fifo.o
 .debug_macro   0x00000d9e       0xef _build/app_uart_fifo.o
 .debug_macro   0x00000e8d       0x6a _build/app_uart_fifo.o
 .debug_macro   0x00000ef7      0x1df _build/app_uart_fifo.o
 .debug_macro   0x000010d6       0x22 _build/app_uart_fifo.o
 .debug_macro   0x000010f8       0x28 _build/app_uart_fifo.o
 .debug_macro   0x00001120       0x1c _build/app_uart_fifo.o
 .debug_macro   0x0000113c       0x2d _build/app_uart_fifo.o
 .debug_macro   0x00001169       0x3b _build/app_uart_fifo.o
 .debug_macro   0x000011a4       0x50 _build/app_uart_fifo.o
 .debug_macro   0x000011f4      0xe66 _build/app_uart_fifo.o
 .debug_macro   0x0000205a      0x3a0 _build/app_uart_fifo.o
 .debug_macro   0x000023fa    0x10245 _build/app_uart_fifo.o
 .debug_macro   0x0001263f     0x12c7 _build/app_uart_fifo.o
 .debug_macro   0x00013906       0x7c _build/app_uart_fifo.o
 .debug_macro   0x00013982       0x58 _build/app_uart_fifo.o
 .debug_macro   0x000139da       0x35 _build/app_uart_fifo.o
 .debug_macro   0x00013a0f       0x9c _build/app_uart_fifo.o
 .debug_macro   0x00013aab       0x16 _build/app_uart_fifo.o
 .debug_macro   0x00013ac1       0x97 _build/app_uart_fifo.o
 .debug_macro   0x00013b58      0x330 _build/app_uart_fifo.o
 .debug_macro   0x00013e88       0xf6 _build/app_uart_fifo.o
 .debug_macro   0x00013f7e       0x10 _build/app_uart_fifo.o
 .debug_macro   0x00013f8e       0x58 _build/app_uart_fifo.o
 .debug_macro   0x00013fe6       0x1f _build/app_uart_fifo.o
 .debug_macro   0x00014005       0x43 _build/app_uart_fifo.o
 .debug_macro   0x00014048       0x20 _build/app_uart_fifo.o
 .debug_macro   0x00014068      0x187 _build/app_uart_fifo.o
 .debug_macro   0x000141ef       0x10 _build/app_uart_fifo.o
 .debug_macro   0x000141ff       0x1c _build/app_uart_fifo.o
 .debug_macro   0x0001421b       0x52 _build/app_uart_fifo.o
 .debug_macro   0x0001426d       0x40 _build/app_uart_fifo.o
 .debug_macro   0x000142ad       0x10 _build/app_uart_fifo.o
 .debug_macro   0x000142bd       0x40 _build/app_uart_fifo.o
 .debug_macro   0x000142fd       0xd7 _build/app_uart_fifo.o
 .debug_macro   0x000143d4       0x16 _build/app_uart_fifo.o
 .debug_macro   0x000143ea      0x18b _build/app_uart_fifo.o
 .debug_macro   0x00014575       0x8e _build/app_uart_fifo.o
 .debug_macro   0x00014603       0x70 _build/app_uart_fifo.o
 .debug_macro   0x00014673      0x11e _build/app_uart_fifo.o
 .debug_macro   0x00014791       0x4c _build/app_uart_fifo.o
 .debug_macro   0x000147dd       0x6d _build/app_uart_fifo.o
 .debug_macro   0x0001484a      0x105 _build/app_uart_fifo.o
 .debug_macro   0x0001494f       0x2b _build/app_uart_fifo.o
 .debug_macro   0x0001497a       0x60 _build/app_uart_fifo.o
 .debug_macro   0x000149da       0x17 _build/app_uart_fifo.o
 .debug_macro   0x000149f1       0x16 _build/app_uart_fifo.o
 .debug_macro   0x00014a07       0x35 _build/app_uart_fifo.o
 .debug_macro   0x00014a3c       0x16 _build/app_uart_fifo.o
 .debug_macro   0x00014a52       0x29 _build/app_uart_fifo.o
 .debug_macro   0x00014a7b      0x1c7 _build/app_uart_fifo.o
 .debug_macro   0x00014c42       0x10 _build/app_uart_fifo.o
 .debug_macro   0x00014c52       0x16 _build/app_uart_fifo.o
 .debug_macro   0x00014c68       0x22 _build/app_uart_fifo.o
 .debug_macro   0x00014c8a       0x37 _build/app_uart_fifo.o
 .debug_macro   0x00014cc1      0x23e _build/nrf_delay.o
 .debug_macro   0x00014eff       0x52 _build/nrf_delay.o
 .debug_macro   0x00014f51       0x8d _build/nrf_delay.o
 .debug_macro   0x00014fde       0x57 _build/nrf_delay.o
 .debug_macro   0x00015035       0x35 _build/nrf_delay.o
 .debug_macro   0x0001506a      0x2ed _build/nrf_drv_common.o
 .debug_macro   0x00015357      0x16d _build/nrf_drv_common.o
 .debug_macro   0x000154c4       0x1c _build/nrf_drv_common.o
 .debug_macro   0x000154e0       0x67 _build/nrf_drv_common.o
 .debug_macro   0x00015547      0x350 _build/nrf_drv_uart.o
 .debug_macro   0x00015897       0x10 _build/nrf_drv_uart.o
 .debug_macro   0x000158a7       0x10 _build/nrf_drv_uart.o
 .debug_macro   0x000158b7      0x314 _build/nrf_drv_timer.o
 .debug_macro   0x00015bcb       0x10 _build/nrf_drv_timer.o
 .debug_macro   0x00015bdb       0x28 _build/nrf_drv_timer.o
 .debug_macro   0x00015c03      0x2a4 _build/app_error.o
 .debug_macro   0x00015ea7      0x29e _build/app_error_weak.o
 .debug_macro   0x00016145      0x231 _build/app_fifo.o
 .debug_macro   0x00016376      0x10e _build/app_fifo.o
 .debug_macro   0x00016484       0x86 _build/app_fifo.o
 .debug_macro   0x0001650a      0x2a1 _build/nrf_log.o
 .debug_macro   0x000167ab       0x58 _build/nrf_log.o
 .debug_macro   0x00016803       0x10 _build/nrf_log.o
 .debug_macro   0x00016813       0x1c _build/nrf_log.o
 .debug_macro   0x0001682f       0x41 _build/nrf_log.o
 .debug_macro   0x00016870      0x115 _build/nrf_log.o
 .debug_macro   0x00016985      0x2a8 _build/nrf_esb.o
 .debug_macro   0x00016c2d       0xcb _build/nrf_esb.o
 .debug_macro   0x00016cf8       0x16 _build/nrf_esb.o
 .debug_macro   0x00016d0e       0x76 _build/nrf_esb.o
 .debug_macro   0x00016d84       0x16 _build/nrf_esb.o
 .debug_macro   0x00016d9a      0x123 _build/SEGGER_RTT.o
 .debug_macro   0x00016ebd       0xf5 _build/system_nrf52.o
 .debug_macro   0x00016fb2      0x3c7 _build/main.o
 .debug_macro   0x00017379       0xd1 _build/main.o
 .debug_macro   0x0001744a      0x280 _build/main.o
 .debug_macro   0x000176ca       0x22 _build/main.o
 .debug_macro   0x000176ec       0x4c _build/main.o

.debug_line     0x00000000     0x6a84
 .debug_line    0x00000000      0x8bd _build/app_uart_fifo.o
 .debug_line    0x000008bd      0x4f2 _build/nrf_delay.o
 .debug_line    0x00000daf      0x6c4 _build/nrf_drv_common.o
 .debug_line    0x00001473      0xfbb _build/nrf_drv_uart.o
 .debug_line    0x0000242e      0xa04 _build/nrf_drv_timer.o
 .debug_line    0x00002e32      0x5db _build/app_error.o
 .debug_line    0x0000340d      0x5ca _build/app_error_weak.o
 .debug_line    0x000039d7      0x65f _build/app_fifo.o
 .debug_line    0x00004036      0x6dc _build/nrf_log.o
 .debug_line    0x00004712      0xd28 _build/nrf_esb.o
 .debug_line    0x0000543a      0x609 _build/SEGGER_RTT.o
 .debug_line    0x00005a43      0x518 _build/system_nrf52.o
 .debug_line    0x00005f5b      0xb29 _build/main.o

.debug_str      0x00000000    0x79027
 .debug_str     0x00000000    0x72cb7 _build/app_uart_fifo.o
                              0x73909 (size before relaxing)
 .debug_str     0x00072cb7       0x86 _build/nrf_delay.o
                              0x7062c (size before relaxing)
 .debug_str     0x00072d3d      0x34b _build/nrf_drv_common.o
                              0x72d04 (size before relaxing)
 .debug_str     0x00073088     0x13bf _build/nrf_drv_uart.o
                              0x746a7 (size before relaxing)
 .debug_str     0x00074447      0xe78 _build/nrf_drv_timer.o
                              0x73c84 (size before relaxing)
 .debug_str     0x000752bf      0x103 _build/app_error.o
                              0x7216e (size before relaxing)
 .debug_str     0x000753c2       0x7b _build/app_error_weak.o
                              0x72100 (size before relaxing)
 .debug_str     0x0007543d      0x11b _build/app_fifo.o
                              0x70a75 (size before relaxing)
 .debug_str     0x00075558      0x91f _build/nrf_log.o
                              0x71ff7 (size before relaxing)
 .debug_str     0x00075e77     0x1832 _build/nrf_esb.o
                              0x72d86 (size before relaxing)
 .debug_str     0x000776a9      0x40a _build/SEGGER_RTT.o
                               0x65ae (size before relaxing)
 .debug_str     0x00077ab3      0x36e _build/system_nrf52.o
                              0x6c998 (size before relaxing)
 .debug_str     0x00077e21     0x1206 _build/main.o
                              0x76258 (size before relaxing)
